
          RESISTIVITY MAP
          ---------------

          Y-Cord. =   -400.00

             -50.00   11
             -70.00   11
             -90.00   11
            -110.00   11
            -130.00   11

          Y-Cord. =   -300.00

             -50.00   11
             -70.00   11
             -90.00   11
            -110.00   11
            -130.00   11

          Y-Cord. =   -200.00

             -50.00   11
             -70.00   11
             -90.00   11
            -110.00   11
            -130.00   11

          Y-Cord. =   -100.00

             -50.00   11
             -70.00   11
             -90.00   11
            -110.00   11
            -130.00   11

          Y-Cord. =      0.00

             -50.00   11
             -70.00   11
             -90.00   11
            -110.00   11
            -130.00   11

          Y-Cord. =    100.00

             -50.00   11
             -70.00   11
             -90.00   11
            -110.00   11
            -130.00   11

          Y-Cord. =    200.00

             -50.00   11
             -70.00   11
             -90.00   11
            -110.00   11
            -130.00   11

          Y-Cord. =    300.00

             -50.00   11
             -70.00   11
             -90.00   11
            -110.00   11
            -130.00   11


  RESISTIVITIES DESCRIPTION
  -------------------------

  INDEX      RESISTIVITY

   1            1.0    
